00:00:13.924066 VirtualBox VM 7.2.2 r170484 win.amd64 (Sep 10 2025 19:56:01) release log
00:00:13.924070 Log opened 2026-09-11T12:15:50.731540800Z
00:00:13.924071 Build Type: release
00:00:13.924076 OS Product: Windows 10
00:00:14.048436 OS Release: 10.0.19045.5247
00:00:14.048439 OS Service Pack: 
00:00:14.485202 DMI Product Name: LIFEBOOK A512
00:00:14.491489 DMI Product Version:  
00:00:14.491508 Firmware type: UEFI
00:00:14.491993 Secure Boot: Disabled
00:00:14.492029 Host RAM: 16269MB (15.8GB) total, 5198MB (5.0GB) available
00:00:14.492033 Executable: C:\Program Files\Oracle\VirtualBox\VirtualBoxVM.exe
00:00:14.492033 Process ID: 2112
00:00:14.492034 Package type: WINDOWS_64BITS_GENERIC
00:00:14.492035 Windows Features:
00:00:14.492035   Core Isolation (Memory Integrity): Not supported
00:00:14.493428 Installed Extension Packs:
00:00:14.493452   Oracle VirtualBox Extension Pack (Version: 7.1.6 r167084; VRDE Module: VBoxVRDP; Crypto Module: VBoxPuelCrypto unusable because of 'VBoxExtPackVMRegister returned VERR_VERSION_MISMATCH, pReg=0000000000000000 ErrInfo='VirtualBox version mismatch - expected 7.1 got 7.2'')
00:00:14.494278 Console: Machine state changed to 'Starting'
00:00:14.494559 GUI: Qt version: 6.8.0
00:00:14.494581 GUI: HID LEDs sync is enabled
00:00:14.497285 Console: Machine state changed to 'PoweredOff'
00:00:14.504666 GUI: UIMediumEnumerator: Medium-enumeration finished!
00:00:14.586908 Power up failed (vrc=VINF_SUCCESS, hrc=E_FAIL (0X80004005))
00:00:14.661940 GUI: Cannot notify guest about VM window out-of-focus event
00:00:14.682436 GUI: Cannot notify guest about VM window in-focus event
00:00:14.683566 GUI: Aborting startup due to power up progress issue detected...
00:00:14.710798 GUI: UICommon: Handling aboutToQuit request..
00:00:15.888498 GUI: UICommon: aboutToQuit request handled!
